// Jest Snapshot v1, https://goo.gl/fbAQLP

exports[`Home Page render the Home to match the snapshot 1`] = `
<Fragment>
  <Loading />
</Fragment>
`;
